// Vitest Snapshot v1, https://vitest.dev/guide/snapshot.html

exports[`FirstStepsApp > should match snapshot 1`] = `
<div>
  <h1>
    Carrito de compras
  </h1>
  <div
    data-testid="ItemCounter"
    name="Nintendo 1"
    quantity="10"
  />
  <div
    data-testid="ItemCounter"
    name="Nintendo 2"
    quantity="20"
  />
  <div
    data-testid="ItemCounter"
    name="Nintendo 3"
  />
</div>
`;
